---
source: cubesql/src/compile/test/test_introspection.rs
expression: "execute_query(r#\"\n            SELECT *\n            FROM pg_rewrite\n            ORDER BY oid\n            \"#.to_string(),\nDatabaseProtocol::PostgreSQL).await?"
---
+-----+----------+----------+---------+------------+------------+---------+-----------+------+
| oid | rulename | ev_class | ev_type | ev_enabled | is_instead | ev_qual | ev_action | xmin |
+-----+----------+----------+---------+------------+------------+---------+-----------+------+
+-----+----------+----------+---------+------------+------------+---------+-----------+------+
