---
source: cubesql/src/compile/test/test_udfs.rs
expression: "execute_query(\"SELECT (information_schema._pg_expandarray(t.a)).n FROM pg_catalog.pg_class c, (SELECT ARRAY[5, 10, 15] a) t;\".to_string(),\nDatabaseProtocol::PostgreSQL).await?"
---
+----------------------------------------------------+
| information_schema._pg_expandarray(t.a)[Utf8("n")] |
+----------------------------------------------------+
| 1                                                  |
| 2                                                  |
| 3                                                  |
| 1                                                  |
| 2                                                  |
| 3                                                  |
| 1                                                  |
| 2                                                  |
| 3                                                  |
| 1                                                  |
| 2                                                  |
| 3                                                  |
| 1                                                  |
| 2                                                  |
| 3                                                  |
| 1                                                  |
| 2                                                  |
| 3                                                  |
+----------------------------------------------------+
