---
source: cubesql/src/compile/test/test_udfs.rs
expression: "execute_query(\"SELECT current_schemas(true)\".to_string(),\nDatabaseProtocol::PostgreSQL).await?"
---
+--------------------------------+
| current_schemas(Boolean(true)) |
+--------------------------------+
| {pg_catalog,public}            |
+--------------------------------+
