---
source: cubesql/src/compile/mod.rs
expression: result
---
+-------------------+
| quoted_identifier |
+-------------------+
| "column-name"     |
+-------------------+
