---
source: cubesql/src/compile/mod.rs
expression: result
---
+------------------+
| formatted_string |
+------------------+
| foo              |
+------------------+
