---
source: cubesql/src/compile/mod.rs
assertion_line: 5301
expression: "execute_query(\"SELECT current_schemas(true)\".to_string(),\n            DatabaseProtocol::PostgreSQL).await?"
---
+--------------------------------+
| current_schemas(Boolean(true)) |
+--------------------------------+
| {pg_catalog,public}            |
+--------------------------------+
