---
source: cubesql/src/compile/mod.rs
assertion_line: 7496
expression: "execute_query(\"SELECT * FROM pg_catalog.pg_statio_user_tables ORDER BY relid ASC\".to_string(),\n            DatabaseProtocol::PostgreSQL).await?"
---
+-------+------------+---------------------------+----------------+---------------+---------------+--------------+-----------------+----------------+----------------+---------------+
| relid | schemaname | relname                   | heap_blks_read | heap_blks_hit | idx_blks_read | idx_blks_hit | toast_blks_read | toast_blks_hit | tidx_blks_read | tidx_blks_hit |
+-------+------------+---------------------------+----------------+---------------+---------------+--------------+-----------------+----------------+----------------+---------------+
| 18000 | public     | KibanaSampleDataEcommerce | 0              | 0             | 0             | 0            | NULL            | NULL           | NULL           | NULL          |
| 18014 | public     | Logs                      | 0              | 0             | 0             | 0            | NULL            | NULL           | NULL           | NULL          |
+-------+------------+---------------------------+----------------+---------------+---------------+--------------+-----------------+----------------+----------------+---------------+
