---
source: cubesql/src/compile/mod.rs
assertion_line: 5864
expression: "execute_query(\"SELECT generate_subscripts(r.a, 1, false) FROM (SELECT ARRAY[1,2,3] as a UNION ALL SELECT ARRAY[3,4,5]) as r;\".to_string(),\n            DatabaseProtocol::PostgreSQL).await?"
---
+--------------------------------------------------+
| generate_subscripts(r.a,Int64(1),Boolean(false)) |
+--------------------------------------------------+
| 1                                                |
| 2                                                |
| 3                                                |
| 1                                                |
| 2                                                |
| 3                                                |
+--------------------------------------------------+
