---
source: cubesql/src/compile/mod.rs
expression: "execute_query(\"\n                SELECT\n                    result.TABLE_CAT,\n                    result.TABLE_SCHEM,\n                    result.TABLE_NAME,\n                    result.COLUMN_NAME,\n                    result.KEY_SEQ,\n                    result.PK_NAME\n                FROM\n                    (\n                        SELECT\n                            NULL AS TABLE_CAT,\n                            n.nspname AS TABLE_SCHEM,\n                            ct.relname AS TABLE_NAME,\n                            a.attname AS COLUMN_NAME,\n                            (information_schema._pg_expandarray(i.indkey)).n AS KEY_SEQ,\n                            ci.relname AS PK_NAME,\n                            information_schema._pg_expandarray(i.indkey) AS KEYS,\n                            a.attnum AS A_ATTNUM\n                        FROM pg_catalog.pg_class ct\n                        JOIN pg_catalog.pg_attribute a ON (ct.oid = a.attrelid)\n                        JOIN pg_catalog.pg_namespace n ON (ct.relnamespace = n.oid)\n                        JOIN pg_catalog.pg_index i ON (a.attrelid = i.indrelid)\n                        JOIN pg_catalog.pg_class ci ON (ci.oid = i.indexrelid)\n                        WHERE\n                            true AND\n                            n.nspname = 'public' AND\n                            ct.relname = 'payment' AND\n                            i.indisprimary\n                    ) result\n                    where result.A_ATTNUM = (result.KEYS).x\n                ORDER BY\n                    result.table_name,\n                    result.pk_name,\n                    result.key_seq;\n                \".to_string(),\n            DatabaseProtocol::PostgreSQL).await?"
---
+-----------+-------------+------------+-------------+---------+---------+
| TABLE_CAT | TABLE_SCHEM | TABLE_NAME | COLUMN_NAME | KEY_SEQ | PK_NAME |
+-----------+-------------+------------+-------------+---------+---------+
+-----------+-------------+------------+-------------+---------+---------+
